Microchip MPLAB XC8 Compiler V2.50

Linker command line:

-W-3 \
  --edf=C:\Program Files\Microchip\xc8\v2.50\pic\dat\20240725155939_en.msgs \
  -pivt0x8=08h -cn -h+dist/default/debug\receiver.X.debug.sym \
  --cmf=dist/default/debug\receiver.X.debug.cmf -z -Q18F24Q24 \
  -oC:\Users\rkfmv\AppData\Local\Temp\xcBsnq8.1\driver_tmp_3.o \
  --defsym=__MPLAB_BUILD=1 --fixupoverflow=error \
  -Mdist/default/debug/receiver.X.debug.map \
  --md=C:\Users\rkfmv\AppData\Local\Temp\xcBsnq8.1\driver_tmp_0.dat -E1 \
  -ver=XC8 Compiler --acfsm=1493 -ACODE=00h-07FFFh -ACONST=00h-07FFFh \
  -ASMALLCONST=0E00h-0EFFhx114 -AMEDIUMCONST=0E00h-07FFFh \
  -ACOMRAM=0501h-055Fh -AABS1=0500h-0CFFh -ABIGRAM=0501h-0CFFh \
  -ARAM=0560h-05FFh,0600h-06FFhx7 -ABANK5=0560h-05FFh -ABANK6=0600h-06FFh \
  -ABANK7=0700h-07FFh -ABANK8=0800h-08FFh -ABANK9=0900h-09FFh \
  -ABANK10=0A00h-0AFFh -ABANK11=0B00h-0BFFh -ABANK12=0C00h-0CFFh \
  -ASFR=00h-0FFhx4,0400h-045Fh,0460h-04FFh,0D00h-0DFFh \
  -ABIGSFR=00h-04FFh,0D00h-0DFFh -ACONFIG=0300000h-030001Dh \
  -AIDLOC=0200000h-020003Fh -AEEDATA=0380000h-03801FFh -peeprom_data=EEDATA \
  -preset_vec=00h -ppowerup=CODE,init -pramtop=0E00h \
  -psmallconst=SMALLCONST -pmediumconst=MEDIUMCONST -pconst=CONST \
  -AFARRAM=00h-00h \
  -prdata=COMRAM,nvrram=COMRAM,nvbit=COMRAM,rbss=COMRAM,rbit=COMRAM \
  -pfarbss=FARRAM,fardata=FARRAM,nvFARRAM=FARRAM \
  -pintsave_regs=BIGRAM,bigbss=BIGRAM,bigdata=BIGRAM -pbss=RAM \
  -pidata=CODE,irdata=CODE,ibigdata=CODE,ifardata=CODE -prparam=COMRAM \
  C:\Users\rkfmv\AppData\Local\Temp\xcBsnq8.1\driver_tmp_9.o \
  dist/default/debug\receiver.X.debug.o 

Object code version is 3.11

Machine type is 18F24Q24



                Name                               Link     Load   Length Selector   Space Scale
C:\Users\rkfmv\AppData\Local\Temp\xcBsnq8.1\driver_tmp_9.o
                config                           300000   300000       1D        0       4
                init                                 1A       1A        4        4       0
                reset_vec                             0        0        4        0       0
dist/default/debug\receiver.X.debug.o
                config                           300000   300000       1D        0       4
                smallconst                          E00      E00       3E      700       0
                ivt0x8                                8        8       12        4       0
                text45                             196E     196E        2      71F       0
                text44                             16C8     16C8       3A      71F       0
                text43                             1738     1738       36      71F       0
                text42                             18AA     18AA       16      71F       0
                text41                             196C     196C        2      71F       0
                text40                             196A     196A        2      71F       0
                text39                              E3E      E3E      126      71F       0
                text38                             1702     1702       36      71F       0
                text37                             1156     1156       BE      71F       0
                text36                             1686     1686       42      71F       0
                text35                             15EC     15EC       52      71F       0
                text34                             1966     1966        4      71F       0
                text33                             1950     1950        A      71F       0
                text32                             1946     1946        A      71F       0
                text31                             193C     193C        A      71F       0
                text30                             1932     1932        A      71F       0
                text29                             1214     1214       A6      71F       0
                text28                             1460     1460       6A      71F       0
                text27                             1076     1076       E0      71F       0
                text26                             1890     1890       1A      71F       0
                text25                             1928     1928        A      71F       0
                text24                             191E     191E        A      71F       0
                text23                             1914     1914        A      71F       0
                text22                             176E     176E       34      71F       0
                text21                             12BA     12BA       A2      71F       0
                text20                             190A     190A        A      71F       0
                text19                             1900     1900        A      71F       0
                text18                             18F6     18F6        A      71F       0
                text17                             158C     158C       60      71F       0
                text16                             18EC     18EC        A      71F       0
                text15                             18E2     18E2        A      71F       0
                text14                             18D8     18D8        A      71F       0
                text13                             152C     152C       60      71F       0
                text12                             18CE     18CE        A      71F       0
                text11                             17A2     17A2       30      71F       0
                text10                             1874     1874       1C      71F       0
                text9                              1858     1858       1C      71F       0
                text8                              183C     183C       1C      71F       0
                text7                              135C     135C       88      71F       0
                text6                              1960     1960        6      71F       0
                text5                              17FE     17FE       22      71F       0
                text4                              1820     1820       1C      71F       0
                text3                              14CA     14CA       62      71F       0
                text2                              163E     163E       48      71F       0
                text1                              17D2     17D2       2C      71F       0
                text0                               F64      F64      112      71F       0
                cstackCOMRAM                        52A      52A       23      501       1
                cstackBANK5                         5A7      5A7        D      560       1
                bssBANK6                            600      600       90      600       1
                dataBANK5                           599      599        E      560       1
                bssBANK5                            560      560       39      560       1
                dataCOMRAM                          54D      54D        6      501       1
                bssCOMRAM                           501      501       29      501       1
                cinit                              13E4     13E4       7C      71F       0
                idataBANK5                         18C0     18C0        E      71F       0
                idataCOMRAM                        195A     195A        6      71F       0

TOTAL           Name                               Link     Load   Length     Space
        CLASS   CODE           
                init                                 1A       1A        4         0
                reset_vec                             0        0        4         0
                ivt0x8                                8        8       12         0
                text45                             196E     196E        2         0
                text44                             16C8     16C8       3A         0
                text43                             1738     1738       36         0
                text42                             18AA     18AA       16         0
                text41                             196C     196C        2         0
                text40                             196A     196A        2         0
                text39                              E3E      E3E      126         0
                text38                             1702     1702       36         0
                text37                             1156     1156       BE         0
                text36                             1686     1686       42         0
                text35                             15EC     15EC       52         0
                text34                             1966     1966        4         0
                text33                             1950     1950        A         0
                text32                             1946     1946        A         0
                text31                             193C     193C        A         0
                text30                             1932     1932        A         0
                text29                             1214     1214       A6         0
                text28                             1460     1460       6A         0
                text27                             1076     1076       E0         0
                text26                             1890     1890       1A         0
                text25                             1928     1928        A         0
                text24                             191E     191E        A         0
                text23                             1914     1914        A         0
                text22                             176E     176E       34         0
                text21                             12BA     12BA       A2         0
                text20                             190A     190A        A         0
                text19                             1900     1900        A         0
                text18                             18F6     18F6        A         0
                text17                             158C     158C       60         0
                text16                             18EC     18EC        A         0
                text15                             18E2     18E2        A         0
                text14                             18D8     18D8        A         0
                text13                             152C     152C       60         0
                text12                             18CE     18CE        A         0
                text11                             17A2     17A2       30         0
                text10                             1874     1874       1C         0
                text9                              1858     1858       1C         0
                text8                              183C     183C       1C         0
                text7                              135C     135C       88         0
                text6                              1960     1960        6         0
                text5                              17FE     17FE       22         0
                text4                              1820     1820       1C         0
                text3                              14CA     14CA       62         0
                text2                              163E     163E       48         0
                text1                              17D2     17D2       2C         0
                text0                               F64      F64      112         0
                cinit                              13E4     13E4       7C         0
                idataBANK5                         18C0     18C0        E         0
                idataCOMRAM                        195A     195A        6         0

        CLASS   CONST          

        CLASS   SMALLCONST     
                smallconst                          E00      E00       3E         0

        CLASS   MEDIUMCONST    

        CLASS   COMRAM         
                cstackCOMRAM                        52A      52A       23         1
                dataCOMRAM                          54D      54D        6         1
                bssCOMRAM                           501      501       29         1

        CLASS   ABS1           

        CLASS   BIGRAM         

        CLASS   RAM            

        CLASS   BANK5          
                cstackBANK5                         5A7      5A7        D         1
                dataBANK5                           599      599        E         1
                bssBANK5                            560      560       39         1

        CLASS   BANK6          
                bssBANK6                            600      600       90         1

        CLASS   BANK7          

        CLASS   BANK8          

        CLASS   BANK9          

        CLASS   BANK10         

        CLASS   BANK11         

        CLASS   BANK12         

        CLASS   SFR            

        CLASS   BIGSFR         

        CLASS   CONFIG         
                config                           300000   300000       1D         4

        CLASS   IDLOC          

        CLASS   EEDATA         

        CLASS   FARRAM         

        CLASS   HEAP           

        CLASS   STACK          



SEGMENTS        Name                           Load    Length   Top    Selector   Space  Class

                reset_vec                      000000  000004  000004         0       0  CODE    
                ivt0x8                         000008  000016  00001E         4       0  CODE    
                bssCOMRAM                      000501  000052  000553       501       1  COMRAM  
                bssBANK5                       000560  000054  0005B4       560       1  BANK5   
                bssBANK6                       000600  000090  000690       600       1  BANK6   
                smallconst                     000E00  00003E  000E3E       700       0  SMALLCON
                text39                         000E3E  000B32  001970       71F       0  CODE    


UNUSED ADDRESS RANGES

        Name                Unused          Largest block    Delta
        BANK10           000A00-000AFF              100
        BANK11           000B00-000BFF              100
        BANK12           000C00-000CFF              100
        BANK5            0005B4-0005FF               4C
        BANK6            000690-0006FF               70
        BANK7            000700-0007FF              100
        BANK8            000800-0008FF              100
        BANK9            000900-0009FF              100
        BIGRAM           000553-00055F                D
                         0005B4-0005FF               4C
                         000690-000CFF              670
        BIGSFR           000000-0004FF              500
                         000D00-000DFF              100
        CODE             000004-000007                4
                         00001E-000DFF              DE2
                         001970-007FFF             6690
        COMRAM           000553-00055F                D
        CONFIG           30001D-30001D                1
        CONST            000004-000007                4
                         00001E-000DFF              DE2
                         001970-007FFF             6690
        EEDATA           380000-3801FF              200
        IDLOC            200000-20003F               40
        MEDIUMCONST      001970-007FFF             6690
        RAM              0005B4-0005FF               4C
                         000690-000CFF              100
        SFR              000000-0004FF              100
                         000D00-000DFF              100
        SMALLCONST       001970-007FFF              100

                                  Symbol Table

?___lldiv                                                     cstackCOMRAM 000543
?___lmul                                                      cstackCOMRAM 000537
DMXRcvCallback@length                                         cstackCOMRAM 000532
DMXRcvCallback@pData                                          cstackCOMRAM 000530
INT0_SetInterruptHandler@InterruptHandler                     cstackCOMRAM 000537
INT1_SetInterruptHandler@InterruptHandler                     cstackCOMRAM 000537
INT2_SetInterruptHandler@InterruptHandler                     cstackCOMRAM 000537
IVTBASEH                                                      (abs)        00045E
IVTBASEL                                                      (abs)        00045D
IVTBASEU                                                      (abs)        00045F
PWM1_16BIT_Period_SetInterruptHandler@InterruptHandler        cstackCOMRAM 000537
PWM1_16BIT_SetSlice1Output1DutyCycleRegister@registerValue    cstackCOMRAM 000537
PWM1_16BIT_SetSlice1Output2DutyCycleRegister@registerValue    cstackCOMRAM 000537
PWM1_16BIT_Slice1Output1_SetInterruptHandler@InterruptHandler cstackCOMRAM 000537
PWM1_16BIT_Slice1Output2_SetInterruptHandler@InterruptHandler cstackCOMRAM 000537
PWM2_16BIT_Period_SetInterruptHandler@InterruptHandler        cstackCOMRAM 000537
PWM2_16BIT_SetSlice1Output1DutyCycleRegister@registerValue    cstackCOMRAM 000537
PWM2_16BIT_SetSlice1Output2DutyCycleRegister@registerValue    cstackCOMRAM 000537
PWM2_16BIT_Slice1Output1_SetInterruptHandler@InterruptHandler cstackCOMRAM 000537
PWM2_16BIT_Slice1Output2_SetInterruptHandler@InterruptHandler cstackCOMRAM 000537
PWM_SetDuty@duty                                              cstackBANK5  0005AE
PWM_SetDuty@dutyCycleValue                                    cstackBANK5  0005B1
PWM_SetDuty@i                                                 cstackBANK5  0005AC
PWM_SetDuty@period                                            cstackBANK5  0005AF
TMR0_OverflowCallbackRegister@CallbackHandler                 cstackCOMRAM 000537
UART1_FramingErrorCallbackRegister@callbackHandler            cstackCOMRAM 000537
UART1_OverrunErrorCallbackRegister@callbackHandler            cstackCOMRAM 000537
UART1_ParityErrorCallbackRegister@callbackHandler             cstackCOMRAM 000537
UART1_ReceiveISR@regValue                                     cstackCOMRAM 000534
UART1_RxCompleteCallbackRegister@callbackHandler              cstackCOMRAM 000537
UART1_TransmitISR@tempTxTail                                  cstackCOMRAM 00052A
_ACTCON                                                       (abs)        0000AC
_ANSELA                                                       (abs)        000400
_ANSELB                                                       (abs)        000408
_ANSELC                                                       (abs)        000410
_ANSELE                                                       (abs)        000420
_CLOCK_Initialize                                             text26       001890
_DMASELECT                                                    (abs)        0000E7
_DMA_Initialize                                               text36       001686
_DMAnCON0bits                                                 (abs)        0000FB
_DMAnCON1bits                                                 (abs)        0000FC
_DMAnDSA                                                      (abs)        0000EF
_DMAnDSZ                                                      (abs)        0000ED
_DMAnSIRQ                                                     (abs)        0000FE
_DMAnSSA                                                      (abs)        0000F8
_DMAnSSZ                                                      (abs)        0000F6
_DMXRcvCallback                                               text42       0018AA
_DMX_Initialize                                               text35       0015EC
_FSCMCON                                                      (abs)        000458
_INLVLA                                                       (abs)        000404
_INLVLB                                                       (abs)        00040C
_INLVLC                                                       (abs)        000414
_INLVLD                                                       (abs)        00041C
_INLVLE                                                       (abs)        000424
_INT0_DefaultInterruptHandler                                 (abs)        000000
_INT0_InterruptHandler                                        bssCOMRAM    000511
_INT0_SetInterruptHandler                                     text25       001928
_INT1_DefaultInterruptHandler                                 (abs)        000000
_INT1_InterruptHandler                                        bssCOMRAM    00050F
_INT1_SetInterruptHandler                                     text24       00191E
_INT2_DefaultInterruptHandler                                 (abs)        000000
_INT2_InterruptHandler                                        bssCOMRAM    00050D
_INT2_SetInterruptHandler                                     text23       001914
_INTCON0bits                                                  (abs)        0004D6
_INTERRUPT_Initialize                                         text22       00176E
_INTERRUPT_InterruptManager                                   text37       001156
_IOCAF                                                        (abs)        000407
_IOCAN                                                        (abs)        000406
_IOCAP                                                        (abs)        000405
_IOCBF                                                        (abs)        00040F
_IOCBN                                                        (abs)        00040E
_IOCBP                                                        (abs)        00040D
_IOCCF                                                        (abs)        000417
_IOCCN                                                        (abs)        000416
_IOCCP                                                        (abs)        000415
_IOCDF                                                        (abs)        00041F
_IOCDN                                                        (abs)        00041E
_IOCDP                                                        (abs)        00041D
_IOCEF                                                        (abs)        000427
_IOCEN                                                        (abs)        000426
_IOCEP                                                        (abs)        000425
_IOCWF                                                        (abs)        00043F
_IOCWN                                                        (abs)        00043E
_IOCWP                                                        (abs)        00043D
_LATA                                                         (abs)        000140
_LATB                                                         (abs)        000141
_LATC                                                         (abs)        000142
_ODCONA                                                       (abs)        000402
_ODCONB                                                       (abs)        00040A
_ODCONC                                                       (abs)        000412
_ODCOND                                                       (abs)        00041A
_ODCONE                                                       (abs)        000422
_OSCCON1                                                      (abs)        0000AD
_OSCCON3                                                      (abs)        0000AF
_OSCEN                                                        (abs)        0000B3
_OSCFRQ                                                       (abs)        0000B1
_OSCTUNE                                                      (abs)        0000B0
_PIE3bits                                                     (abs)        0004AD
_PIE4bits                                                     (abs)        0004AE
_PIE5bits                                                     (abs)        0004AF
_PIN_MANAGER_Initialize                                       text21       0012BA
_PIR10bits                                                    (abs)        0004C0
_PIR1bits                                                     (abs)        0004B7
_PIR3bits                                                     (abs)        0004B9
_PIR4bits                                                     (abs)        0004BA
_PIR5bits                                                     (abs)        0004BB
_PIR6bits                                                     (abs)        0004BC
_PWM1CLK                                                      (abs)        000461
_PWM1CON                                                      (abs)        000469
_PWM1CONbits                                                  (abs)        000469
_PWM1CPRE                                                     (abs)        000465
_PWM1ERS                                                      (abs)        000460
_PWM1GIE                                                      (abs)        000468
_PWM1GIEbits                                                  (abs)        000468
_PWM1GIR                                                      (abs)        000467
_PWM1GIRbits                                                  (abs)        000467
_PWM1LDS                                                      (abs)        000462
_PWM1PIPOS                                                    (abs)        000466
_PWM1PRH                                                      (abs)        000464
_PWM1PRL                                                      (abs)        000463
_PWM1S1CFG                                                    (abs)        00046A
_PWM1S1P1H                                                    (abs)        00046C
_PWM1S1P1L                                                    (abs)        00046B
_PWM1S1P2H                                                    (abs)        00046E
_PWM1S1P2L                                                    (abs)        00046D
_PWM1_16BIT_Initialize                                        text17       00158C
_PWM1_16BIT_LoadBufferRegisters                               text34       001966
_PWM1_16BIT_Period_DefaultInterruptHandler                    (abs)        000000
_PWM1_16BIT_Period_InterruptHandler                           bssCOMRAM    00051D
_PWM1_16BIT_Period_SetInterruptHandler                        text20       00190A
_PWM1_16BIT_SetSlice1Output1DutyCycleRegister                 text33       001950
_PWM1_16BIT_SetSlice1Output2DutyCycleRegister                 text32       001946
_PWM1_16BIT_Slice1Output1_DefaultInterruptHandler             (abs)        000000
_PWM1_16BIT_Slice1Output1_InterruptHandler                    bssCOMRAM    000521
_PWM1_16BIT_Slice1Output1_SetInterruptHandler                 text19       001900
_PWM1_16BIT_Slice1Output2_DefaultInterruptHandler             (abs)        000000
_PWM1_16BIT_Slice1Output2_InterruptHandler                    bssCOMRAM    00051F
_PWM1_16BIT_Slice1Output2_SetInterruptHandler                 text18       0018F6
_PWM2CLK                                                      (abs)        000470
_PWM2CON                                                      (abs)        000478
_PWM2CONbits                                                  (abs)        000478
_PWM2CPRE                                                     (abs)        000474
_PWM2ERS                                                      (abs)        00046F
_PWM2GIE                                                      (abs)        000477
_PWM2GIEbits                                                  (abs)        000477
_PWM2GIR                                                      (abs)        000476
_PWM2GIRbits                                                  (abs)        000476
_PWM2LDS                                                      (abs)        000471
_PWM2PIPOS                                                    (abs)        000475
_PWM2PRH                                                      (abs)        000473
_PWM2PRL                                                      (abs)        000472
_PWM2S1CFG                                                    (abs)        000479
_PWM2S1P1H                                                    (abs)        00047B
_PWM2S1P1L                                                    (abs)        00047A
_PWM2S1P2H                                                    (abs)        00047D
_PWM2S1P2L                                                    (abs)        00047C
_PWM2_16BIT_Initialize                                        text13       00152C
_PWM2_16BIT_Period_DefaultInterruptHandler                    (abs)        000000
_PWM2_16BIT_Period_InterruptHandler                           bssCOMRAM    000517
_PWM2_16BIT_Period_SetInterruptHandler                        text16       0018EC
_PWM2_16BIT_SetSlice1Output1DutyCycleRegister                 text31       00193C
_PWM2_16BIT_SetSlice1Output2DutyCycleRegister                 text30       001932
_PWM2_16BIT_Slice1Output1_DefaultInterruptHandler             (abs)        000000
_PWM2_16BIT_Slice1Output1_InterruptHandler                    bssCOMRAM    00051B
_PWM2_16BIT_Slice1Output1_SetInterruptHandler                 text15       0018E2
_PWM2_16BIT_Slice1Output2_DefaultInterruptHandler             (abs)        000000
_PWM2_16BIT_Slice1Output2_InterruptHandler                    bssCOMRAM    000519
_PWM2_16BIT_Slice1Output2_SetInterruptHandler                 text14       0018D8
_PWM_SetDuty                                                  text27       001076
_RB0PPS                                                       (abs)        000209
_RB1I2C                                                       (abs)        000286
_RB1PPS                                                       (abs)        00020A
_RB2I2C                                                       (abs)        000287
_RB2PPS                                                       (abs)        00020B
_RB3PPS                                                       (abs)        00020C
_RC3I2C                                                       (abs)        000284
_RC4                                                          (abs)        000A94
_RC4I2C                                                       (abs)        000285
_RC6PPS                                                       (abs)        000217
_RxBuff                                                       bssBANK5     000584
_SLRCONA                                                      (abs)        000403
_SLRCONB                                                      (abs)        00040B
_SLRCONC                                                      (abs)        000413
_SLRCOND                                                      (abs)        00041B
_SLRCONE                                                      (abs)        000423
_SYSTEM_Initialize                                            text5        0017FE
_T0CON0                                                       (abs)        00031A
_T0CON0bits                                                   (abs)        00031A
_T0CON1                                                       (abs)        00031B
_TMR0H                                                        (abs)        000319
_TMR0L                                                        (abs)        000318
_TMR0_DefaultOverflowCallback                                 text45       00196E
_TMR0_Initialize                                              text11       0017A2
_TMR0_OverflowCallback                                        bssCOMRAM    000509
_TMR0_OverflowCallbackRegister                                text12       0018CE
_TMR0_OverflowISR                                             text44       0016C8
_TMR0_PeriodCountSet                                          (abs)        000000
_TMR0_Start                                                   (abs)        000000
_TMR0_Stop                                                    (abs)        000000
_TRISA                                                        (abs)        000148
_TRISB                                                        (abs)        000149
_TRISC                                                        (abs)        00014A
_TRISCbits                                                    (abs)        00014A
_TRISE                                                        (abs)        00014C
_Timer0                                                       smallconst   000E31
_U1BRG                                                        (abs)        0002C3
_U1BRGH                                                       (abs)        0002C4
_U1BRGL                                                       (abs)        0002C3
_U1CON0                                                       (abs)        0002C0
_U1CON0bits                                                   (abs)        0002C0
_U1CON1                                                       (abs)        0002C1
_U1CON1bits                                                   (abs)        0002C1
_U1CON2                                                       (abs)        0002C2
_U1CON2bits                                                   (abs)        0002C2
_U1ERRIE                                                      (abs)        0002C8
_U1ERRIR                                                      (abs)        0002C7
_U1ERRIRbits                                                  (abs)        0002C7
_U1FIFO                                                       (abs)        0002C5
_U1ON                                                         (abs)        00160F
_U1P1                                                         (abs)        0002BA
_U1P1H                                                        (abs)        0002BB
_U1P1L                                                        (abs)        0002BA
_U1P2                                                         (abs)        0002BC
_U1P2H                                                        (abs)        0002BD
_U1P2L                                                        (abs)        0002BC
_U1P3                                                         (abs)        0002BE
_U1P3H                                                        (abs)        0002BF
_U1P3L                                                        (abs)        0002BE
_U1RXB                                                        (abs)        0002B6
_U1RXCHK                                                      (abs)        0002B7
_U1RXPPS                                                      (abs)        000272
_U1TXB                                                        (abs)        0002B8
_U1TXCHK                                                      (abs)        0002B9
_U1UIR                                                        (abs)        0002C6
_U1UIRbits                                                    (abs)        0002C6
_UART1                                                        smallconst   000E01
_UART1_AutoBaudQuery                                          (abs)        000000
_UART1_AutoBaudSet                                            (abs)        000000
_UART1_DefaultFramingErrorCallback                            text41       00196C
_UART1_DefaultOverrunErrorCallback                            text40       00196A
_UART1_DefaultParityErrorCallback                             (abs)        000000
_UART1_Deinitialize                                           (abs)        000000
_UART1_ErrorGet                                               (abs)        000000
_UART1_FramingErrorCallbackRegister                           text10       001874
_UART1_FramingErrorHandler                                    bssCOMRAM    000507
_UART1_Initialize                                             text7        00135C
_UART1_IsRxReady                                              (abs)        000000
_UART1_IsTxDone                                               (abs)        000000
_UART1_IsTxReady                                              (abs)        000000
_UART1_OverrunErrorCallbackRegister                           text9        001858
_UART1_OverrunErrorHandler                                    bssCOMRAM    000505
_UART1_ParityErrorCallbackRegister                            text8        00183C
_UART1_ParityErrorHandler                                     bssBANK5     000580
_UART1_Read                                                   (abs)        000000
_UART1_ReceiveISR                                             text39       000E3E
_UART1_RxCompleteCallbackRegister                             text4        001820
_UART1_RxCompleteInterruptHandler                             bssCOMRAM    000501
_UART1_RxInterruptHandler                                     bssCOMRAM    000513
_UART1_TransmitDisable                                        (abs)        000000
_UART1_TransmitEnable                                         (abs)        000000
_UART1_TransmitISR                                            text38       001702
_UART1_TxCompleteCallbackRegister                             (abs)        000000
_UART1_TxCompleteInterruptHandler                             bssCOMRAM    000503
_UART1_TxInterruptHandler                                     bssCOMRAM    000515
_UART1_Write                                                  (abs)        000000
_VDDIO2CON                                                    (abs)        00010D
_VDDIO2CONbits                                                (abs)        00010D
_VDDIO2_Initialize                                            text6        001960
_WPUA                                                         (abs)        000401
_WPUB                                                         (abs)        000409
_WPUC                                                         (abs)        000411
_WPUD                                                         (abs)        000419
_WPUE                                                         (abs)        000421
__HRAM                                                        (abs)        000000
__H__absolute__                                               __absolute__ 000000
__Habs1                                                       abs1         000000
__Hbank10                                                     bank10       000000
__Hbank11                                                     bank11       000000
__Hbank12                                                     bank12       000000
__Hbank5                                                      bank5        000000
__Hbank6                                                      bank6        000000
__Hbank7                                                      bank7        000000
__Hbank8                                                      bank8        000000
__Hbank9                                                      bank9        000000
__Hbigbss                                                     bigbss       000000
__Hbigdata                                                    bigdata      000000
__Hbigram                                                     bigram       000000
__Hbigsfr                                                     bigsfr       000000
__Hbss                                                        bss          000000
__HbssBANK5                                                   bssBANK5     000000
__HbssBANK6                                                   bssBANK6     000000
__HbssCOMRAM                                                  bssCOMRAM    000000
__Hcinit                                                      cinit        000000
__Hclrtext                                                    clrtext      000000
__Hcomram                                                     comram       000000
__Hconfig                                                     config       30001D
__Hconst                                                      const        000000
__HcstackBANK5                                                cstackBANK5  000000
__HcstackCOMRAM                                               cstackCOMRAM 000000
__Hdata                                                       data         000000
__HdataBANK5                                                  dataBANK5    000000
__HdataCOMRAM                                                 dataCOMRAM   000000
__Heeprom_data                                                eeprom_data  000000
__Hfarbss                                                     farbss       000000
__Hfardata                                                    fardata      000000
__Hheap                                                       heap         000000
__Hibigdata                                                   ibigdata     000000
__Hidata                                                      idata        000000
__HidataBANK5                                                 idataBANK5   000000
__HidataCOMRAM                                                idataCOMRAM  000000
__Hidloc                                                      idloc        000000
__Hifardata                                                   ifardata     000000
__Hinit                                                       init         00001E
__Hintsave_regs                                               intsave_regs 000000
__Hirdata                                                     irdata       000000
__Hivt0x8                                                     ivt0x8       00001A
__Hmediumconst                                                mediumconst  000000
__HnvFARRAM                                                   nvFARRAM     000000
__Hnvbit                                                      nvbit        000000
__Hnvrram                                                     nvrram       000000
__Hparam                                                      rparam       000000
__Hpowerup                                                    powerup      000000
__Hram                                                        ram          000000
__Hramtop                                                     ramtop       000E00
__Hrbit                                                       rbit         000000
__Hrbss                                                       rbss         000000
__Hrdata                                                      rdata        000000
__Hreset_vec                                                  reset_vec    000004
__Hrparam                                                     rparam       000000
__Hsfr                                                        sfr          000000
__Hsmallconst                                                 smallconst   000E3E
__Hspace_0                                                    (abs)        001970
__Hspace_1                                                    (abs)        000690
__Hspace_2                                                    (abs)        000000
__Hspace_4                                                    (abs)        60001D
__Hstack                                                      stack        000000
__Hstruct                                                     struct       000000
__Htemp                                                       temp         000000
__Htext                                                       text         000000
__Htext0                                                      text0        000000
__Htext1                                                      text1        000000
__Htext10                                                     text10       000000
__Htext11                                                     text11       000000
__Htext12                                                     text12       000000
__Htext13                                                     text13       000000
__Htext14                                                     text14       000000
__Htext15                                                     text15       000000
__Htext16                                                     text16       000000
__Htext17                                                     text17       000000
__Htext18                                                     text18       000000
__Htext19                                                     text19       000000
__Htext2                                                      text2        000000
__Htext20                                                     text20       000000
__Htext21                                                     text21       000000
__Htext22                                                     text22       000000
__Htext23                                                     text23       000000
__Htext24                                                     text24       000000
__Htext25                                                     text25       000000
__Htext26                                                     text26       000000
__Htext27                                                     text27       000000
__Htext28                                                     text28       000000
__Htext29                                                     text29       000000
__Htext3                                                      text3        000000
__Htext30                                                     text30       000000
__Htext31                                                     text31       000000
__Htext32                                                     text32       000000
__Htext33                                                     text33       000000
__Htext34                                                     text34       000000
__Htext35                                                     text35       000000
__Htext36                                                     text36       000000
__Htext37                                                     text37       000000
__Htext38                                                     text38       000000
__Htext39                                                     text39       000000
__Htext4                                                      text4        000000
__Htext40                                                     text40       000000
__Htext41                                                     text41       000000
__Htext42                                                     text42       000000
__Htext43                                                     text43       000000
__Htext44                                                     text44       000000
__Htext45                                                     text45       000000
__Htext5                                                      text5        000000
__Htext6                                                      text6        000000
__Htext7                                                      text7        000000
__Htext8                                                      text8        000000
__Htext9                                                      text9        000000
__LRAM                                                        (abs)        000001
__L__absolute__                                               __absolute__ 000000
__Labs1                                                       abs1         000000
__Lbank10                                                     bank10       000000
__Lbank11                                                     bank11       000000
__Lbank12                                                     bank12       000000
__Lbank5                                                      bank5        000000
__Lbank6                                                      bank6        000000
__Lbank7                                                      bank7        000000
__Lbank8                                                      bank8        000000
__Lbank9                                                      bank9        000000
__Lbigbss                                                     bigbss       000000
__Lbigdata                                                    bigdata      000000
__Lbigram                                                     bigram       000000
__Lbigsfr                                                     bigsfr       000000
__Lbss                                                        bss          000000
__LbssBANK5                                                   bssBANK5     000000
__LbssBANK6                                                   bssBANK6     000000
__LbssCOMRAM                                                  bssCOMRAM    000000
__Lcinit                                                      cinit        000000
__Lclrtext                                                    clrtext      000000
__Lcomram                                                     comram       000000
__Lconfig                                                     config       000000
__Lconst                                                      const        000000
__LcstackBANK5                                                cstackBANK5  000000
__LcstackCOMRAM                                               cstackCOMRAM 000000
__Ldata                                                       data         000000
__LdataBANK5                                                  dataBANK5    000000
__LdataCOMRAM                                                 dataCOMRAM   000000
__Leeprom_data                                                eeprom_data  000000
__Lfarbss                                                     farbss       000000
__Lfardata                                                    fardata      000000
__Lheap                                                       heap         000000
__Libigdata                                                   ibigdata     000000
__Lidata                                                      idata        000000
__LidataBANK5                                                 idataBANK5   000000
__LidataCOMRAM                                                idataCOMRAM  000000
__Lidloc                                                      idloc        000000
__Lifardata                                                   ifardata     000000
__Linit                                                       init         00001A
__Lintsave_regs                                               intsave_regs 000000
__Lirdata                                                     irdata       000000
__Livt0x8                                                     ivt0x8       000008
__Lmediumconst                                                mediumconst  000000
__LnvFARRAM                                                   nvFARRAM     000000
__Lnvbit                                                      nvbit        000000
__Lnvrram                                                     nvrram       000000
__Lparam                                                      rparam       000000
__Lpowerup                                                    powerup      000000
__Lram                                                        ram          000000
__Lramtop                                                     ramtop       000E00
__Lrbit                                                       rbit         000000
__Lrbss                                                       rbss         000000
__Lrdata                                                      rdata        000000
__Lreset_vec                                                  reset_vec    000000
__Lrparam                                                     rparam       000000
__Lsfr                                                        sfr          000000
__Lsmallconst                                                 smallconst   000E00
__Lspace_0                                                    (abs)        000000
__Lspace_1                                                    (abs)        000000
__Lspace_2                                                    (abs)        000000
__Lspace_4                                                    (abs)        000000
__Lstack                                                      stack        000000
__Lstruct                                                     struct       000000
__Ltemp                                                       temp         000000
__Ltext                                                       text         000000
__Ltext0                                                      text0        000000
__Ltext1                                                      text1        000000
__Ltext10                                                     text10       000000
__Ltext11                                                     text11       000000
__Ltext12                                                     text12       000000
__Ltext13                                                     text13       000000
__Ltext14                                                     text14       000000
__Ltext15                                                     text15       000000
__Ltext16                                                     text16       000000
__Ltext17                                                     text17       000000
__Ltext18                                                     text18       000000
__Ltext19                                                     text19       000000
__Ltext2                                                      text2        000000
__Ltext20                                                     text20       000000
__Ltext21                                                     text21       000000
__Ltext22                                                     text22       000000
__Ltext23                                                     text23       000000
__Ltext24                                                     text24       000000
__Ltext25                                                     text25       000000
__Ltext26                                                     text26       000000
__Ltext27                                                     text27       000000
__Ltext28                                                     text28       000000
__Ltext29                                                     text29       000000
__Ltext3                                                      text3        000000
__Ltext30                                                     text30       000000
__Ltext31                                                     text31       000000
__Ltext32                                                     text32       000000
__Ltext33                                                     text33       000000
__Ltext34                                                     text34       000000
__Ltext35                                                     text35       000000
__Ltext36                                                     text36       000000
__Ltext37                                                     text37       000000
__Ltext38                                                     text38       000000
__Ltext39                                                     text39       000000
__Ltext4                                                      text4        000000
__Ltext40                                                     text40       000000
__Ltext41                                                     text41       000000
__Ltext42                                                     text42       000000
__Ltext43                                                     text43       000000
__Ltext44                                                     text44       000000
__Ltext45                                                     text45       000000
__Ltext5                                                      text5        000000
__Ltext6                                                      text6        000000
__Ltext7                                                      text7        000000
__Ltext8                                                      text8        000000
__Ltext9                                                      text9        000000
__S0                                                          (abs)        001970
__S1                                                          (abs)        000690
__S4                                                          (abs)        000000
__S5                                                          (abs)        000000
___heap_hi                                                    (abs)        000000
___heap_lo                                                    (abs)        000000
___inthi_sp                                                   stack        000000
___inthi_stack_hi                                             stack        000000
___inthi_stack_lo                                             stack        000000
___intlo_sp                                                   stack        000000
___intlo_stack_hi                                             stack        000000
___intlo_stack_lo                                             stack        000000
___lldiv                                                      text29       001214
___lldiv@counter                                              cstackBANK5  0005AB
___lldiv@dividend                                             cstackCOMRAM 000543
___lldiv@divisor                                              cstackCOMRAM 000547
___lldiv@quotient                                             cstackBANK5  0005A7
___lmul                                                       text28       001460
___lmul@multiplicand                                          cstackCOMRAM 00053B
___lmul@multiplier                                            cstackCOMRAM 000537
___lmul@product                                               cstackCOMRAM 00053F
___param_bank                                                 (abs)        000000
___rparam_used                                                (abs)        000001
___sp                                                         stack        000000
___stack_hi                                                   stack        000000
___stack_lo                                                   stack        000000
__accesstop                                                   (abs)        000560
__activetblptr                                                (abs)        000002
__end_of_CLOCK_Initialize                                     text26       0018AA
__end_of_DMA_Initialize                                       text36       0016C8
__end_of_DMXRcvCallback                                       text42       0018C0
__end_of_DMX_Initialize                                       text35       00163E
__end_of_INT0_SetInterruptHandler                             text25       001932
__end_of_INT1_SetInterruptHandler                             text24       001928
__end_of_INT2_SetInterruptHandler                             text23       00191E
__end_of_INTERRUPT_Initialize                                 text22       0017A2
__end_of_INTERRUPT_InterruptManager                           text37       001214
__end_of_PIN_MANAGER_Initialize                               text21       00135C
__end_of_PWM1_16BIT_Initialize                                text17       0015EC
__end_of_PWM1_16BIT_LoadBufferRegisters                       text34       00196A
__end_of_PWM1_16BIT_Period_SetInterruptHandler                text20       001914
__end_of_PWM1_16BIT_SetSlice1Output1DutyCycleRegister         text33       00195A
__end_of_PWM1_16BIT_SetSlice1Output2DutyCycleRegister         text32       001950
__end_of_PWM1_16BIT_Slice1Output1_SetInterruptHandler         text19       00190A
__end_of_PWM1_16BIT_Slice1Output2_SetInterruptHandler         text18       001900
__end_of_PWM2_16BIT_Initialize                                text13       00158C
__end_of_PWM2_16BIT_Period_SetInterruptHandler                text16       0018F6
__end_of_PWM2_16BIT_SetSlice1Output1DutyCycleRegister         text31       001946
__end_of_PWM2_16BIT_SetSlice1Output2DutyCycleRegister         text30       00193C
__end_of_PWM2_16BIT_Slice1Output1_SetInterruptHandler         text15       0018EC
__end_of_PWM2_16BIT_Slice1Output2_SetInterruptHandler         text14       0018E2
__end_of_PWM_SetDuty                                          text27       001156
__end_of_SYSTEM_Initialize                                    text5        001820
__end_of_TMR0_DefaultOverflowCallback                         text45       001970
__end_of_TMR0_Initialize                                      text11       0017D2
__end_of_TMR0_OverflowCallbackRegister                        text12       0018D8
__end_of_TMR0_OverflowISR                                     text44       001702
__end_of_Timer0                                               smallconst   000E3D
__end_of_UART1                                                smallconst   000E31
__end_of_UART1_DefaultFramingErrorCallback                    text41       00196E
__end_of_UART1_DefaultOverrunErrorCallback                    text40       00196C
__end_of_UART1_FramingErrorCallbackRegister                   text10       001890
__end_of_UART1_Initialize                                     text7        0013E4
__end_of_UART1_OverrunErrorCallbackRegister                   text9        001874
__end_of_UART1_ParityErrorCallbackRegister                    text8        001858
__end_of_UART1_ReceiveISR                                     text39       000F64
__end_of_UART1_RxCompleteCallbackRegister                     text4        00183C
__end_of_UART1_TransmitISR                                    text38       001738
__end_of_VDDIO2_Initialize                                    text6        001966
__end_of___lldiv                                              text29       0012BA
__end_of___lmul                                               text28       0014CA
__end_of__initialization                                      cinit        001456
__end_of_main                                                 text0        001076
__end_of_reactive                                             text2        001686
__end_of_setAllLeds                                           text1        0017FE
__end_of_setLed                                               text3        00152C
__end_of_strcpy                                               text43       00176E
__initialization                                              cinit        0013E4
__mediumconst                                                 mediumconst  000000
__pbssBANK5                                                   bssBANK5     000560
__pbssBANK6                                                   bssBANK6     000600
__pbssCOMRAM                                                  bssCOMRAM    000501
__pcinit                                                      cinit        0013E4
__pcstackBANK5                                                cstackBANK5  0005A7
__pcstackCOMRAM                                               cstackCOMRAM 00052A
__pdataBANK5                                                  dataBANK5    000599
__pdataCOMRAM                                                 dataCOMRAM   00054D
__pidataBANK5                                                 idataBANK5   0018C0
__pidataCOMRAM                                                idataCOMRAM  00195A
__pivt0x8                                                     ivt0x8       000008
__psmallconst                                                 smallconst   000E00
__ptext0                                                      text0        000F64
__ptext1                                                      text1        0017D2
__ptext10                                                     text10       001874
__ptext11                                                     text11       0017A2
__ptext12                                                     text12       0018CE
__ptext13                                                     text13       00152C
__ptext14                                                     text14       0018D8
__ptext15                                                     text15       0018E2
__ptext16                                                     text16       0018EC
__ptext17                                                     text17       00158C
__ptext18                                                     text18       0018F6
__ptext19                                                     text19       001900
__ptext2                                                      text2        00163E
__ptext20                                                     text20       00190A
__ptext21                                                     text21       0012BA
__ptext22                                                     text22       00176E
__ptext23                                                     text23       001914
__ptext24                                                     text24       00191E
__ptext25                                                     text25       001928
__ptext26                                                     text26       001890
__ptext27                                                     text27       001076
__ptext28                                                     text28       001460
__ptext29                                                     text29       001214
__ptext3                                                      text3        0014CA
__ptext30                                                     text30       001932
__ptext31                                                     text31       00193C
__ptext32                                                     text32       001946
__ptext33                                                     text33       001950
__ptext34                                                     text34       001966
__ptext35                                                     text35       0015EC
__ptext36                                                     text36       001686
__ptext37                                                     text37       001156
__ptext38                                                     text38       001702
__ptext39                                                     text39       000E3E
__ptext4                                                      text4        001820
__ptext40                                                     text40       00196A
__ptext41                                                     text41       00196C
__ptext42                                                     text42       0018AA
__ptext43                                                     text43       001738
__ptext44                                                     text44       0016C8
__ptext45                                                     text45       00196E
__ptext5                                                      text5        0017FE
__ptext6                                                      text6        001960
__ptext7                                                      text7        00135C
__ptext8                                                      text8        00183C
__ptext9                                                      text9        001858
__ramtop                                                      ramtop       000E00
__smallconst                                                  smallconst   000E00
_a                                                            dataCOMRAM   000551
_b                                                            dataCOMRAM   00054F
_c                                                            dataCOMRAM   00054D
_d                                                            dataBANK5    0005A5
_green                                                        dataBANK5    00059D
_ledData                                                      bssBANK6     000600
_main                                                         text0        000F64
_off                                                          bssBANK5     00057C
_reactive                                                     text2        00163E
_red                                                          dataBANK5    0005A1
_rxData                                                       bssBANK5     000594
_rxFg                                                         bssCOMRAM    000529
_setAllLeds                                                   text1        0017D2
_setLed                                                       text3        0014CA
_strcpy                                                       text43       001738
_timerTMR0ReloadVal16bit                                      bssCOMRAM    00050B
_uart1RxBuffer                                                bssBANK5     00058C
_uart1RxCount                                                 bssCOMRAM    000523
_uart1RxHead                                                  bssCOMRAM    000525
_uart1RxLastError                                             bssBANK5     000582
_uart1RxStatusBuffer                                          bssBANK5     000560
_uart1RxTail                                                  bssCOMRAM    000524
_uart1TxBuffer                                                bssBANK5     000570
_uart1TxBufferRemaining                                       bssCOMRAM    000526
_uart1TxHead                                                  bssCOMRAM    000528
_uart1TxTail                                                  bssCOMRAM    000527
_yellow                                                       dataBANK5    000599
end_of_initialization                                         cinit        001456
intlevel0                                                     text         000000
intlevel1                                                     text         000000
intlevel2                                                     text         000000
intlevel3                                                     text         000000
isa$std                                                       (abs)        000001
isa$xinst                                                     (abs)        000000
ivt0x8_base                                                   ivt0x8       000008
reactive@F16132                                               bssBANK5     000578
reactive@color                                                cstackCOMRAM 00053F
reactive@i                                                    cstackCOMRAM 00053E
setAllLeds@color                                              cstackCOMRAM 00053E
setAllLeds@i                                                  cstackCOMRAM 000542
setLed@color                                                  cstackCOMRAM 000537
setLed@pos                                                    cstackCOMRAM 00053D
stackhi                                                       (abs)        000000
stacklo                                                       (abs)        000000
start                                                         init         00001A
start_initialization                                          cinit        0013E4
strcpy@d                                                      cstackCOMRAM 00052E
strcpy@dest                                                   cstackCOMRAM 00052A
strcpy@src                                                    cstackCOMRAM 00052C


MODULE INFORMATION

Module		Function		Class		Link	Load	Size
dma.c
		_DMA_Initialize		CODE           	1686	0000	66

dma.c estimated size: 66

mcc_generated_files/system/src/mvio/vddio2.c
		_VDDIO2_Initialize		CODE           	1960	0000	6

mcc_generated_files/system/src/mvio/vddio2.c estimated size: 6

mcc_generated_files/system/src/interrupt.c
		_INT0_SetInterruptHandler		CODE           	1928	0000	10
		_INT1_SetInterruptHandler		CODE           	191E	0000	10
		_INT2_SetInterruptHandler		CODE           	1914	0000	10
		_INTERRUPT_Initialize		CODE           	176E	0000	52
		_INTERRUPT_InterruptManager		CODE           	1156	0000	190

mcc_generated_files/system/src/interrupt.c estimated size: 272

mcc_generated_files/pwm/src/pwm1_16bit.c
		_PWM1_16BIT_Period_SetInterruptHandler		CODE           	190A	0000	10
		_PWM1_16BIT_Slice1Output1_SetInterruptHandler		CODE           	1900	0000	10
		_PWM1_16BIT_Slice1Output2_SetInterruptHandler		CODE           	18F6	0000	10
		_PWM1_16BIT_Initialize		CODE           	158C	0000	96
		_PWM1_16BIT_LoadBufferRegisters		CODE           	1966	0000	4
		_PWM1_16BIT_SetSlice1Output1DutyCycleRegister		CODE           	1950	0000	10
		_PWM1_16BIT_SetSlice1Output2DutyCycleRegister		CODE           	1946	0000	10

mcc_generated_files/pwm/src/pwm1_16bit.c estimated size: 150

C:\Program Files\Microchip\xc8\v2.50\pic\sources\c99\common\Umul32.c
		___lmul        		CODE           	1460	0000	106

C:\Program Files\Microchip\xc8\v2.50\pic\sources\c99\common\Umul32.c estimated size: 106

mcc_generated_files/uart/src/uart1.c
		_UART1_DefaultOverrunErrorCallback		CODE           	196A	0000	2
		_UART1_RxCompleteCallbackRegister		CODE           	1820	0000	28
		_UART1_FramingErrorCallbackRegister		CODE           	1874	0000	28
		_UART1_OverrunErrorCallbackRegister		CODE           	1858	0000	28
		_UART1_ReceiveISR		CODE           	0E3E	0000	294
		_UART1_Initialize		CODE           	135C	0000	136
		_UART1_DefaultFramingErrorCallback		CODE           	196C	0000	2
		_UART1_TransmitISR		CODE           	1702	0000	54
		_UART1_ParityErrorCallbackRegister		CODE           	183C	0000	28

mcc_generated_files/uart/src/uart1.c estimated size: 600

C:\Program Files\Microchip\xc8\v2.50\pic\sources\c99\common\__lldiv.c
		___lldiv       		CODE           	1214	0000	166

C:\Program Files\Microchip\xc8\v2.50\pic\sources\c99\common\__lldiv.c estimated size: 166

mcc_generated_files/system/src/pins.c
		_PIN_MANAGER_Initialize		CODE           	12BA	0000	162

mcc_generated_files/system/src/pins.c estimated size: 162

C:\Program Files\Microchip\xc8\v2.50\pic\sources\c99\common\strcpy.c
		_strcpy        		CODE           	1738	0000	54

C:\Program Files\Microchip\xc8\v2.50\pic\sources\c99\common\strcpy.c estimated size: 54

shared
		__initialization		CODE           	13E4	0000	114
		_UART1         		SMALLCONST     	0E01	0000	48
		_Timer0        		SMALLCONST     	0E31	0000	12

shared estimated size: 174

mcc_generated_files/system/src/clock.c
		_CLOCK_Initialize		CODE           	1890	0000	26

mcc_generated_files/system/src/clock.c estimated size: 26

mcc_generated_files/timer/src/tmr0.c
		_TMR0_OverflowCallbackRegister		CODE           	18CE	0000	10
		_TMR0_DefaultOverflowCallback		CODE           	196E	0000	2
		_TMR0_OverflowISR		CODE           	16C8	0000	58
		_TMR0_Initialize		CODE           	17A2	0000	48

mcc_generated_files/timer/src/tmr0.c estimated size: 118

dmx.c
		_DMX_Initialize		CODE           	15EC	0000	82

dmx.c estimated size: 82

main.c
		_setAllLeds    		CODE           	17D2	0000	44
		_PWM_SetDuty   		CODE           	1076	0000	224
		_DMXRcvCallback		CODE           	18AA	0000	22
		_main          		CODE           	0F64	0000	274
		_reactive      		CODE           	163E	0000	72
		_setLed        		CODE           	14CA	0000	98

main.c estimated size: 734

mcc_generated_files/pwm/src/pwm2_16bit.c
		_PWM2_16BIT_Period_SetInterruptHandler		CODE           	18EC	0000	10
		_PWM2_16BIT_Slice1Output1_SetInterruptHandler		CODE           	18E2	0000	10
		_PWM2_16BIT_Slice1Output2_SetInterruptHandler		CODE           	18D8	0000	10
		_PWM2_16BIT_Initialize		CODE           	152C	0000	96
		_PWM2_16BIT_SetSlice1Output1DutyCycleRegister		CODE           	193C	0000	10
		_PWM2_16BIT_SetSlice1Output2DutyCycleRegister		CODE           	1932	0000	10

mcc_generated_files/pwm/src/pwm2_16bit.c estimated size: 146

mcc_generated_files/system/src/system.c
		_SYSTEM_Initialize		CODE           	17FE	0000	34

mcc_generated_files/system/src/system.c estimated size: 34

