Microchip MPLAB XC8 Compiler V2.50

Linker command line:

-W-3 \
  --edf=C:\Program Files\Microchip\xc8\v2.50\pic\dat\20240725155939_en.msgs \
  -pivt0x8=08h -cn -h+dist/default/debug\receiver.X.debug.sym \
  --cmf=dist/default/debug\receiver.X.debug.cmf -z -Q18F24Q24 \
  -oC:\Users\rkfmv\AppData\Local\Temp\xcAslt0.\driver_tmp_3.o \
  --defsym=__MPLAB_BUILD=1 --fixupoverflow=error \
  -Mdist/default/debug/receiver.X.debug.map \
  --md=C:\Users\rkfmv\AppData\Local\Temp\xcAslt0.\driver_tmp_0.dat -E1 \
  -ver=XC8 Compiler --acfsm=1493 -ACODE=00h-07FFFh -ACONST=00h-07FFFh \
  -ASMALLCONST=0E00h-0EFFhx114 -AMEDIUMCONST=0E00h-07FFFh \
  -ACOMRAM=0501h-055Fh -AABS1=0500h-0CFFh -ABIGRAM=0501h-0CFFh \
  -ARAM=0560h-05FFh,0600h-06FFhx7 -ABANK5=0560h-05FFh -ABANK6=0600h-06FFh \
  -ABANK7=0700h-07FFh -ABANK8=0800h-08FFh -ABANK9=0900h-09FFh \
  -ABANK10=0A00h-0AFFh -ABANK11=0B00h-0BFFh -ABANK12=0C00h-0CFFh \
  -ASFR=00h-0FFhx4,0400h-045Fh,0460h-04FFh,0D00h-0DFFh \
  -ABIGSFR=00h-04FFh,0D00h-0DFFh -ACONFIG=0300000h-030001Dh \
  -AIDLOC=0200000h-020003Fh -AEEDATA=0380000h-03801FFh -peeprom_data=EEDATA \
  -preset_vec=00h -ppowerup=CODE,init -pramtop=0E00h \
  -psmallconst=SMALLCONST -pmediumconst=MEDIUMCONST -pconst=CONST \
  -AFARRAM=00h-00h \
  -prdata=COMRAM,nvrram=COMRAM,nvbit=COMRAM,rbss=COMRAM,rbit=COMRAM \
  -pfarbss=FARRAM,fardata=FARRAM,nvFARRAM=FARRAM \
  -pintsave_regs=BIGRAM,bigbss=BIGRAM,bigdata=BIGRAM -pbss=RAM \
  -pidata=CODE,irdata=CODE,ibigdata=CODE,ifardata=CODE -prparam=COMRAM \
  C:\Users\rkfmv\AppData\Local\Temp\xcAslt0.\driver_tmp_9.o \
  dist/default/debug\receiver.X.debug.o 

Object code version is 3.11

Machine type is 18F24Q24



                Name                               Link     Load   Length Selector   Space Scale
C:\Users\rkfmv\AppData\Local\Temp\xcAslt0.\driver_tmp_9.o
                config                           300000   300000       1D        0       4
                init                                 1A       1A        4        4       0
                reset_vec                             0        0        4        0       0
dist/default/debug\receiver.X.debug.o
                config                           300000   300000       1D        0       4
                smallconst                          E00      E00       3E      700       0
                ivt0x8                                8        8       12        4       0
                text34                             15E8     15E8        2      71F       0
                text33                             13DE     13DE       3A      71F       0
                text32                             15E6     15E6        2      71F       0
                text31                             15E4     15E4        2      71F       0
                text30                              E3E      E3E      128      71F       0
                text29                             1418     1418       36      71F       0
                text28                              F66      F66       AA      71F       0
                text27                             139C     139C       42      71F       0
                text26                             12B6     12B6       52      71F       0
                text25                             1554     1554       1A      71F       0
                text24                             15D4     15D4        A      71F       0
                text23                             15CA     15CA        A      71F       0
                text22                             15C0     15C0        A      71F       0
                text21                             144E     144E       34      71F       0
                text20                             1010     1010       A2      71F       0
                text19                             15B6     15B6        A      71F       0
                text18                             15AC     15AC        A      71F       0
                text17                             15A2     15A2        A      71F       0
                text16                             11FA     11FA       60      71F       0
                text15                             1598     1598        A      71F       0
                text14                             158E     158E        A      71F       0
                text13                             1584     1584        A      71F       0
                text12                             119A     119A       60      71F       0
                text11                             157A     157A        A      71F       0
                text10                             1482     1482       30      71F       0
                text9                              1538     1538       1C      71F       0
                text8                              151C     151C       1C      71F       0
                text7                              1500     1500       1C      71F       0
                text6                              10B2     10B2       86      71F       0
                text5                              15DE     15DE        6      71F       0
                text4                              14DE     14DE       22      71F       0
                text3                              1138     1138       62      71F       0
                text2                              1308     1308       4C      71F       0
                text1                              14B2     14B2       2C      71F       0
                text0                              1354     1354       48      71F       0
                cstackCOMRAM                        54E      54E        C      501       1
                cstackBANK5                         578      578        5      560       1
                bssBANK6                            600      600       90      600       1
                bssBANK5                            560      560       18      560       1
                dataCOMRAM                          542      542        C      501       1
                bssCOMRAM                           501      501       41      501       1
                cinit                              125A     125A       5C      71F       0
                idataCOMRAM                        156E     156E        C      71F       0

TOTAL           Name                               Link     Load   Length     Space
        CLASS   CODE           
                init                                 1A       1A        4         0
                reset_vec                             0        0        4         0
                ivt0x8                                8        8       12         0
                text34                             15E8     15E8        2         0
                text33                             13DE     13DE       3A         0
                text32                             15E6     15E6        2         0
                text31                             15E4     15E4        2         0
                text30                              E3E      E3E      128         0
                text29                             1418     1418       36         0
                text28                              F66      F66       AA         0
                text27                             139C     139C       42         0
                text26                             12B6     12B6       52         0
                text25                             1554     1554       1A         0
                text24                             15D4     15D4        A         0
                text23                             15CA     15CA        A         0
                text22                             15C0     15C0        A         0
                text21                             144E     144E       34         0
                text20                             1010     1010       A2         0
                text19                             15B6     15B6        A         0
                text18                             15AC     15AC        A         0
                text17                             15A2     15A2        A         0
                text16                             11FA     11FA       60         0
                text15                             1598     1598        A         0
                text14                             158E     158E        A         0
                text13                             1584     1584        A         0
                text12                             119A     119A       60         0
                text11                             157A     157A        A         0
                text10                             1482     1482       30         0
                text9                              1538     1538       1C         0
                text8                              151C     151C       1C         0
                text7                              1500     1500       1C         0
                text6                              10B2     10B2       86         0
                text5                              15DE     15DE        6         0
                text4                              14DE     14DE       22         0
                text3                              1138     1138       62         0
                text2                              1308     1308       4C         0
                text1                              14B2     14B2       2C         0
                text0                              1354     1354       48         0
                cinit                              125A     125A       5C         0
                idataCOMRAM                        156E     156E        C         0

        CLASS   CONST          

        CLASS   SMALLCONST     
                smallconst                          E00      E00       3E         0

        CLASS   MEDIUMCONST    

        CLASS   COMRAM         
                cstackCOMRAM                        54E      54E        C         1
                dataCOMRAM                          542      542        C         1
                bssCOMRAM                           501      501       41         1

        CLASS   ABS1           

        CLASS   BIGRAM         

        CLASS   RAM            

        CLASS   BANK5          
                cstackBANK5                         578      578        5         1
                bssBANK5                            560      560       18         1

        CLASS   BANK6          
                bssBANK6                            600      600       90         1

        CLASS   BANK7          

        CLASS   BANK8          

        CLASS   BANK9          

        CLASS   BANK10         

        CLASS   BANK11         

        CLASS   BANK12         

        CLASS   SFR            

        CLASS   BIGSFR         

        CLASS   CONFIG         
                config                           300000   300000       1D         4

        CLASS   IDLOC          

        CLASS   EEDATA         

        CLASS   FARRAM         

        CLASS   HEAP           

        CLASS   STACK          



SEGMENTS        Name                           Load    Length   Top    Selector   Space  Class

                reset_vec                      000000  000004  000004         0       0  CODE    
                ivt0x8                         000008  000016  00001E         4       0  CODE    
                bssCOMRAM                      000501  000059  00055A       501       1  COMRAM  
                bssBANK5                       000560  00001D  00057D       560       1  BANK5   
                bssBANK6                       000600  000090  000690       600       1  BANK6   
                smallconst                     000E00  00003E  000E3E       700       0  SMALLCON
                text30                         000E3E  0007AC  0015EA       71F       0  CODE    


UNUSED ADDRESS RANGES

        Name                Unused          Largest block    Delta
        BANK10           000A00-000AFF              100
        BANK11           000B00-000BFF              100
        BANK12           000C00-000CFF              100
        BANK5            00057D-0005FF               83
        BANK6            000690-0006FF               70
        BANK7            000700-0007FF              100
        BANK8            000800-0008FF              100
        BANK9            000900-0009FF              100
        BIGRAM           00055A-00055F                6
                         00057D-0005FF               83
                         000690-000CFF              670
        BIGSFR           000000-0004FF              500
                         000D00-000DFF              100
        CODE             000004-000007                4
                         00001E-000DFF              DE2
                         0015EA-007FFF             6A16
        COMRAM           00055A-00055F                6
        CONFIG           30001D-30001D                1
        CONST            000004-000007                4
                         00001E-000DFF              DE2
                         0015EA-007FFF             6A16
        EEDATA           380000-3801FF              200
        IDLOC            200000-20003F               40
        MEDIUMCONST      0015EA-007FFF             6A16
        RAM              00057D-0005FF               83
                         000690-000CFF              100
        SFR              000000-0004FF              100
                         000D00-000DFF              100
        SMALLCONST       0015EA-007FFF              100

                                  Symbol Table

INT0_SetInterruptHandler@InterruptHandler                     cstackCOMRAM 000552
INT1_SetInterruptHandler@InterruptHandler                     cstackCOMRAM 000552
INT2_SetInterruptHandler@InterruptHandler                     cstackCOMRAM 000552
IVTBASEH                                                      (abs)        00045E
IVTBASEL                                                      (abs)        00045D
IVTBASEU                                                      (abs)        00045F
PWM1_16BIT_Period_SetInterruptHandler@InterruptHandler        cstackCOMRAM 000552
PWM1_16BIT_Slice1Output1_SetInterruptHandler@InterruptHandler cstackCOMRAM 000552
PWM1_16BIT_Slice1Output2_SetInterruptHandler@InterruptHandler cstackCOMRAM 000552
PWM2_16BIT_Period_SetInterruptHandler@InterruptHandler        cstackCOMRAM 000552
PWM2_16BIT_Slice1Output1_SetInterruptHandler@InterruptHandler cstackCOMRAM 000552
PWM2_16BIT_Slice1Output2_SetInterruptHandler@InterruptHandler cstackCOMRAM 000552
TMR0_OverflowCallbackRegister@CallbackHandler                 cstackCOMRAM 000552
UART1_FramingErrorCallbackRegister@callbackHandler            cstackCOMRAM 000552
UART1_OverrunErrorCallbackRegister@callbackHandler            cstackCOMRAM 000552
UART1_ParityErrorCallbackRegister@callbackHandler             cstackCOMRAM 000552
UART1_ReceiveISR@regValue                                     cstackCOMRAM 00054E
UART1_ReceiveISR@tempRxHead                                   cstackCOMRAM 00054F
UART1_TransmitISR@tempTxTail                                  cstackCOMRAM 00054E
_ACTCON                                                       (abs)        0000AC
_ANSELA                                                       (abs)        000400
_ANSELB                                                       (abs)        000408
_ANSELC                                                       (abs)        000410
_ANSELE                                                       (abs)        000420
_CLOCK_Initialize                                             text25       001554
_DMASELECT                                                    (abs)        0000E7
_DMA_Initialize                                               text27       00139C
_DMAnCON0bits                                                 (abs)        0000FB
_DMAnCON1bits                                                 (abs)        0000FC
_DMAnDSA                                                      (abs)        0000EF
_DMAnDSZ                                                      (abs)        0000ED
_DMAnSIRQ                                                     (abs)        0000FE
_DMAnSSA                                                      (abs)        0000F8
_DMAnSSZ                                                      (abs)        0000F6
_DMX_Initialize                                               text26       0012B6
_FSCMCON                                                      (abs)        000458
_INLVLA                                                       (abs)        000404
_INLVLB                                                       (abs)        00040C
_INLVLC                                                       (abs)        000414
_INLVLD                                                       (abs)        00041C
_INLVLE                                                       (abs)        000424
_INT0_DefaultInterruptHandler                                 (abs)        000000
_INT0_InterruptHandler                                        bssCOMRAM    000525
_INT0_SetInterruptHandler                                     text24       0015D4
_INT1_DefaultInterruptHandler                                 (abs)        000000
_INT1_InterruptHandler                                        bssCOMRAM    000523
_INT1_SetInterruptHandler                                     text23       0015CA
_INT2_DefaultInterruptHandler                                 (abs)        000000
_INT2_InterruptHandler                                        bssCOMRAM    000521
_INT2_SetInterruptHandler                                     text22       0015C0
_INTCON0bits                                                  (abs)        0004D6
_INTERRUPT_Initialize                                         text21       00144E
_INTERRUPT_InterruptManager                                   text28       000F66
_IOCAF                                                        (abs)        000407
_IOCAN                                                        (abs)        000406
_IOCAP                                                        (abs)        000405
_IOCBF                                                        (abs)        00040F
_IOCBN                                                        (abs)        00040E
_IOCBP                                                        (abs)        00040D
_IOCCF                                                        (abs)        000417
_IOCCN                                                        (abs)        000416
_IOCCP                                                        (abs)        000415
_IOCDF                                                        (abs)        00041F
_IOCDN                                                        (abs)        00041E
_IOCDP                                                        (abs)        00041D
_IOCEF                                                        (abs)        000427
_IOCEN                                                        (abs)        000426
_IOCEP                                                        (abs)        000425
_IOCWF                                                        (abs)        00043F
_IOCWN                                                        (abs)        00043E
_IOCWP                                                        (abs)        00043D
_LATA                                                         (abs)        000140
_LATB                                                         (abs)        000141
_LATC                                                         (abs)        000142
_ODCONA                                                       (abs)        000402
_ODCONB                                                       (abs)        00040A
_ODCONC                                                       (abs)        000412
_ODCOND                                                       (abs)        00041A
_ODCONE                                                       (abs)        000422
_OSCCON1                                                      (abs)        0000AD
_OSCCON3                                                      (abs)        0000AF
_OSCEN                                                        (abs)        0000B3
_OSCFRQ                                                       (abs)        0000B1
_OSCTUNE                                                      (abs)        0000B0
_PIE3bits                                                     (abs)        0004AD
_PIE4bits                                                     (abs)        0004AE
_PIE5bits                                                     (abs)        0004AF
_PIN_MANAGER_Initialize                                       text20       001010
_PIR10bits                                                    (abs)        0004C0
_PIR1bits                                                     (abs)        0004B7
_PIR3bits                                                     (abs)        0004B9
_PIR4bits                                                     (abs)        0004BA
_PIR5bits                                                     (abs)        0004BB
_PIR6bits                                                     (abs)        0004BC
_PWM1CLK                                                      (abs)        000461
_PWM1CON                                                      (abs)        000469
_PWM1CONbits                                                  (abs)        000469
_PWM1CPRE                                                     (abs)        000465
_PWM1ERS                                                      (abs)        000460
_PWM1GIE                                                      (abs)        000468
_PWM1GIEbits                                                  (abs)        000468
_PWM1GIR                                                      (abs)        000467
_PWM1GIRbits                                                  (abs)        000467
_PWM1LDS                                                      (abs)        000462
_PWM1PIPOS                                                    (abs)        000466
_PWM1PRH                                                      (abs)        000464
_PWM1PRL                                                      (abs)        000463
_PWM1S1CFG                                                    (abs)        00046A
_PWM1S1P1H                                                    (abs)        00046C
_PWM1S1P1L                                                    (abs)        00046B
_PWM1S1P2H                                                    (abs)        00046E
_PWM1S1P2L                                                    (abs)        00046D
_PWM1_16BIT_Initialize                                        text16       0011FA
_PWM1_16BIT_Period_DefaultInterruptHandler                    (abs)        000000
_PWM1_16BIT_Period_InterruptHandler                           bssCOMRAM    000531
_PWM1_16BIT_Period_SetInterruptHandler                        text19       0015B6
_PWM1_16BIT_Slice1Output1_DefaultInterruptHandler             (abs)        000000
_PWM1_16BIT_Slice1Output1_InterruptHandler                    bssCOMRAM    000535
_PWM1_16BIT_Slice1Output1_SetInterruptHandler                 text18       0015AC
_PWM1_16BIT_Slice1Output2_DefaultInterruptHandler             (abs)        000000
_PWM1_16BIT_Slice1Output2_InterruptHandler                    bssCOMRAM    000533
_PWM1_16BIT_Slice1Output2_SetInterruptHandler                 text17       0015A2
_PWM2CLK                                                      (abs)        000470
_PWM2CON                                                      (abs)        000478
_PWM2CONbits                                                  (abs)        000478
_PWM2CPRE                                                     (abs)        000474
_PWM2ERS                                                      (abs)        00046F
_PWM2GIE                                                      (abs)        000477
_PWM2GIEbits                                                  (abs)        000477
_PWM2GIR                                                      (abs)        000476
_PWM2GIRbits                                                  (abs)        000476
_PWM2LDS                                                      (abs)        000471
_PWM2PIPOS                                                    (abs)        000475
_PWM2PRH                                                      (abs)        000473
_PWM2PRL                                                      (abs)        000472
_PWM2S1CFG                                                    (abs)        000479
_PWM2S1P1H                                                    (abs)        00047B
_PWM2S1P1L                                                    (abs)        00047A
_PWM2S1P2H                                                    (abs)        00047D
_PWM2S1P2L                                                    (abs)        00047C
_PWM2_16BIT_Initialize                                        text12       00119A
_PWM2_16BIT_Period_DefaultInterruptHandler                    (abs)        000000
_PWM2_16BIT_Period_InterruptHandler                           bssCOMRAM    00052B
_PWM2_16BIT_Period_SetInterruptHandler                        text15       001598
_PWM2_16BIT_Slice1Output1_DefaultInterruptHandler             (abs)        000000
_PWM2_16BIT_Slice1Output1_InterruptHandler                    bssCOMRAM    00052F
_PWM2_16BIT_Slice1Output1_SetInterruptHandler                 text14       00158E
_PWM2_16BIT_Slice1Output2_DefaultInterruptHandler             (abs)        000000
_PWM2_16BIT_Slice1Output2_InterruptHandler                    bssCOMRAM    00052D
_PWM2_16BIT_Slice1Output2_SetInterruptHandler                 text13       001584
_RB0PPS                                                       (abs)        000209
_RB1I2C                                                       (abs)        000286
_RB1PPS                                                       (abs)        00020A
_RB2I2C                                                       (abs)        000287
_RB2PPS                                                       (abs)        00020B
_RB3PPS                                                       (abs)        00020C
_RC3I2C                                                       (abs)        000284
_RC4                                                          (abs)        000A94
_RC4I2C                                                       (abs)        000285
_RC6PPS                                                       (abs)        000217
_SLRCONA                                                      (abs)        000403
_SLRCONB                                                      (abs)        00040B
_SLRCONC                                                      (abs)        000413
_SLRCOND                                                      (abs)        00041B
_SLRCONE                                                      (abs)        000423
_SYSTEM_Initialize                                            text4        0014DE
_T0CON0                                                       (abs)        00031A
_T0CON0bits                                                   (abs)        00031A
_T0CON1                                                       (abs)        00031B
_TMR0H                                                        (abs)        000319
_TMR0L                                                        (abs)        000318
_TMR0_DefaultOverflowCallback                                 text34       0015E8
_TMR0_Initialize                                              text10       001482
_TMR0_OverflowCallback                                        bssCOMRAM    00051D
_TMR0_OverflowCallbackRegister                                text11       00157A
_TMR0_OverflowISR                                             text33       0013DE
_TMR0_PeriodCountSet                                          (abs)        000000
_TMR0_Start                                                   (abs)        000000
_TMR0_Stop                                                    (abs)        000000
_TRISA                                                        (abs)        000148
_TRISB                                                        (abs)        000149
_TRISC                                                        (abs)        00014A
_TRISCbits                                                    (abs)        00014A
_TRISE                                                        (abs)        00014C
_Timer0                                                       smallconst   000E31
_U1BRG                                                        (abs)        0002C3
_U1BRGH                                                       (abs)        0002C4
_U1BRGL                                                       (abs)        0002C3
_U1CON0                                                       (abs)        0002C0
_U1CON0bits                                                   (abs)        0002C0
_U1CON1                                                       (abs)        0002C1
_U1CON1bits                                                   (abs)        0002C1
_U1CON2                                                       (abs)        0002C2
_U1CON2bits                                                   (abs)        0002C2
_U1ERRIE                                                      (abs)        0002C8
_U1ERRIR                                                      (abs)        0002C7
_U1ERRIRbits                                                  (abs)        0002C7
_U1FIFO                                                       (abs)        0002C5
_U1ON                                                         (abs)        00160F
_U1P1                                                         (abs)        0002BA
_U1P1H                                                        (abs)        0002BB
_U1P1L                                                        (abs)        0002BA
_U1P2                                                         (abs)        0002BC
_U1P2H                                                        (abs)        0002BD
_U1P2L                                                        (abs)        0002BC
_U1P3                                                         (abs)        0002BE
_U1P3H                                                        (abs)        0002BF
_U1P3L                                                        (abs)        0002BE
_U1RXB                                                        (abs)        0002B6
_U1RXCHK                                                      (abs)        0002B7
_U1RXPPS                                                      (abs)        000272
_U1TXB                                                        (abs)        0002B8
_U1TXCHK                                                      (abs)        0002B9
_U1UIR                                                        (abs)        0002C6
_U1UIRbits                                                    (abs)        0002C6
_UART1                                                        smallconst   000E01
_UART1_AutoBaudQuery                                          (abs)        000000
_UART1_AutoBaudSet                                            (abs)        000000
_UART1_DefaultFramingErrorCallback                            text32       0015E6
_UART1_DefaultOverrunErrorCallback                            text31       0015E4
_UART1_DefaultParityErrorCallback                             (abs)        000000
_UART1_Deinitialize                                           (abs)        000000
_UART1_ErrorGet                                               (abs)        000000
_UART1_FramingErrorCallbackRegister                           text9        001538
_UART1_FramingErrorHandler                                    bssCOMRAM    000519
_UART1_Initialize                                             text6        0010B2
_UART1_IsRxReady                                              (abs)        000000
_UART1_IsTxDone                                               (abs)        000000
_UART1_IsTxReady                                              (abs)        000000
_UART1_OverrunErrorCallbackRegister                           text8        00151C
_UART1_OverrunErrorHandler                                    bssCOMRAM    000517
_UART1_ParityErrorCallbackRegister                            text7        001500
_UART1_ParityErrorHandler                                     bssCOMRAM    000515
_UART1_Read                                                   (abs)        000000
_UART1_ReceiveISR                                             text30       000E3E
_UART1_RxCompleteCallbackRegister                             (abs)        000000
_UART1_RxCompleteInterruptHandler                             bssCOMRAM    000511
_UART1_RxInterruptHandler                                     bssCOMRAM    000527
_UART1_TransmitDisable                                        (abs)        000000
_UART1_TransmitEnable                                         (abs)        000000
_UART1_TransmitISR                                            text29       001418
_UART1_TxCompleteCallbackRegister                             (abs)        000000
_UART1_TxCompleteInterruptHandler                             bssCOMRAM    000513
_UART1_TxInterruptHandler                                     bssCOMRAM    000529
_UART1_Write                                                  (abs)        000000
_VDDIO2CON                                                    (abs)        00010D
_VDDIO2CONbits                                                (abs)        00010D
_VDDIO2_Initialize                                            text5        0015DE
_WPUA                                                         (abs)        000401
_WPUB                                                         (abs)        000409
_WPUC                                                         (abs)        000411
_WPUD                                                         (abs)        000419
_WPUE                                                         (abs)        000421
__HRAM                                                        (abs)        000000
__H__absolute__                                               __absolute__ 000000
__Habs1                                                       abs1         000000
__Hbank10                                                     bank10       000000
__Hbank11                                                     bank11       000000
__Hbank12                                                     bank12       000000
__Hbank5                                                      bank5        000000
__Hbank6                                                      bank6        000000
__Hbank7                                                      bank7        000000
__Hbank8                                                      bank8        000000
__Hbank9                                                      bank9        000000
__Hbigbss                                                     bigbss       000000
__Hbigdata                                                    bigdata      000000
__Hbigram                                                     bigram       000000
__Hbigsfr                                                     bigsfr       000000
__Hbss                                                        bss          000000
__HbssBANK5                                                   bssBANK5     000000
__HbssBANK6                                                   bssBANK6     000000
__HbssCOMRAM                                                  bssCOMRAM    000000
__Hcinit                                                      cinit        000000
__Hclrtext                                                    clrtext      000000
__Hcomram                                                     comram       000000
__Hconfig                                                     config       30001D
__Hconst                                                      const        000000
__HcstackBANK5                                                cstackBANK5  000000
__HcstackCOMRAM                                               cstackCOMRAM 000000
__Hdata                                                       data         000000
__HdataCOMRAM                                                 dataCOMRAM   000000
__Heeprom_data                                                eeprom_data  000000
__Hfarbss                                                     farbss       000000
__Hfardata                                                    fardata      000000
__Hheap                                                       heap         000000
__Hibigdata                                                   ibigdata     000000
__Hidata                                                      idata        000000
__HidataCOMRAM                                                idataCOMRAM  000000
__Hidloc                                                      idloc        000000
__Hifardata                                                   ifardata     000000
__Hinit                                                       init         00001E
__Hintsave_regs                                               intsave_regs 000000
__Hirdata                                                     irdata       000000
__Hivt0x8                                                     ivt0x8       00001A
__Hmediumconst                                                mediumconst  000000
__HnvFARRAM                                                   nvFARRAM     000000
__Hnvbit                                                      nvbit        000000
__Hnvrram                                                     nvrram       000000
__Hparam                                                      rparam       000000
__Hpowerup                                                    powerup      000000
__Hram                                                        ram          000000
__Hramtop                                                     ramtop       000E00
__Hrbit                                                       rbit         000000
__Hrbss                                                       rbss         000000
__Hrdata                                                      rdata        000000
__Hreset_vec                                                  reset_vec    000004
__Hrparam                                                     rparam       000000
__Hsfr                                                        sfr          000000
__Hsmallconst                                                 smallconst   000E3E
__Hspace_0                                                    (abs)        0015EA
__Hspace_1                                                    (abs)        000690
__Hspace_2                                                    (abs)        000000
__Hspace_4                                                    (abs)        60001D
__Hstack                                                      stack        000000
__Hstruct                                                     struct       000000
__Htemp                                                       temp         000000
__Htext                                                       text         000000
__Htext0                                                      text0        000000
__Htext1                                                      text1        000000
__Htext10                                                     text10       000000
__Htext11                                                     text11       000000
__Htext12                                                     text12       000000
__Htext13                                                     text13       000000
__Htext14                                                     text14       000000
__Htext15                                                     text15       000000
__Htext16                                                     text16       000000
__Htext17                                                     text17       000000
__Htext18                                                     text18       000000
__Htext19                                                     text19       000000
__Htext2                                                      text2        000000
__Htext20                                                     text20       000000
__Htext21                                                     text21       000000
__Htext22                                                     text22       000000
__Htext23                                                     text23       000000
__Htext24                                                     text24       000000
__Htext25                                                     text25       000000
__Htext26                                                     text26       000000
__Htext27                                                     text27       000000
__Htext28                                                     text28       000000
__Htext29                                                     text29       000000
__Htext3                                                      text3        000000
__Htext30                                                     text30       000000
__Htext31                                                     text31       000000
__Htext32                                                     text32       000000
__Htext33                                                     text33       000000
__Htext34                                                     text34       000000
__Htext4                                                      text4        000000
__Htext5                                                      text5        000000
__Htext6                                                      text6        000000
__Htext7                                                      text7        000000
__Htext8                                                      text8        000000
__Htext9                                                      text9        000000
__LRAM                                                        (abs)        000001
__L__absolute__                                               __absolute__ 000000
__Labs1                                                       abs1         000000
__Lbank10                                                     bank10       000000
__Lbank11                                                     bank11       000000
__Lbank12                                                     bank12       000000
__Lbank5                                                      bank5        000000
__Lbank6                                                      bank6        000000
__Lbank7                                                      bank7        000000
__Lbank8                                                      bank8        000000
__Lbank9                                                      bank9        000000
__Lbigbss                                                     bigbss       000000
__Lbigdata                                                    bigdata      000000
__Lbigram                                                     bigram       000000
__Lbigsfr                                                     bigsfr       000000
__Lbss                                                        bss          000000
__LbssBANK5                                                   bssBANK5     000000
__LbssBANK6                                                   bssBANK6     000000
__LbssCOMRAM                                                  bssCOMRAM    000000
__Lcinit                                                      cinit        000000
__Lclrtext                                                    clrtext      000000
__Lcomram                                                     comram       000000
__Lconfig                                                     config       000000
__Lconst                                                      const        000000
__LcstackBANK5                                                cstackBANK5  000000
__LcstackCOMRAM                                               cstackCOMRAM 000000
__Ldata                                                       data         000000
__LdataCOMRAM                                                 dataCOMRAM   000000
__Leeprom_data                                                eeprom_data  000000
__Lfarbss                                                     farbss       000000
__Lfardata                                                    fardata      000000
__Lheap                                                       heap         000000
__Libigdata                                                   ibigdata     000000
__Lidata                                                      idata        000000
__LidataCOMRAM                                                idataCOMRAM  000000
__Lidloc                                                      idloc        000000
__Lifardata                                                   ifardata     000000
__Linit                                                       init         00001A
__Lintsave_regs                                               intsave_regs 000000
__Lirdata                                                     irdata       000000
__Livt0x8                                                     ivt0x8       000008
__Lmediumconst                                                mediumconst  000000
__LnvFARRAM                                                   nvFARRAM     000000
__Lnvbit                                                      nvbit        000000
__Lnvrram                                                     nvrram       000000
__Lparam                                                      rparam       000000
__Lpowerup                                                    powerup      000000
__Lram                                                        ram          000000
__Lramtop                                                     ramtop       000E00
__Lrbit                                                       rbit         000000
__Lrbss                                                       rbss         000000
__Lrdata                                                      rdata        000000
__Lreset_vec                                                  reset_vec    000000
__Lrparam                                                     rparam       000000
__Lsfr                                                        sfr          000000
__Lsmallconst                                                 smallconst   000E00
__Lspace_0                                                    (abs)        000000
__Lspace_1                                                    (abs)        000000
__Lspace_2                                                    (abs)        000000
__Lspace_4                                                    (abs)        000000
__Lstack                                                      stack        000000
__Lstruct                                                     struct       000000
__Ltemp                                                       temp         000000
__Ltext                                                       text         000000
__Ltext0                                                      text0        000000
__Ltext1                                                      text1        000000
__Ltext10                                                     text10       000000
__Ltext11                                                     text11       000000
__Ltext12                                                     text12       000000
__Ltext13                                                     text13       000000
__Ltext14                                                     text14       000000
__Ltext15                                                     text15       000000
__Ltext16                                                     text16       000000
__Ltext17                                                     text17       000000
__Ltext18                                                     text18       000000
__Ltext19                                                     text19       000000
__Ltext2                                                      text2        000000
__Ltext20                                                     text20       000000
__Ltext21                                                     text21       000000
__Ltext22                                                     text22       000000
__Ltext23                                                     text23       000000
__Ltext24                                                     text24       000000
__Ltext25                                                     text25       000000
__Ltext26                                                     text26       000000
__Ltext27                                                     text27       000000
__Ltext28                                                     text28       000000
__Ltext29                                                     text29       000000
__Ltext3                                                      text3        000000
__Ltext30                                                     text30       000000
__Ltext31                                                     text31       000000
__Ltext32                                                     text32       000000
__Ltext33                                                     text33       000000
__Ltext34                                                     text34       000000
__Ltext4                                                      text4        000000
__Ltext5                                                      text5        000000
__Ltext6                                                      text6        000000
__Ltext7                                                      text7        000000
__Ltext8                                                      text8        000000
__Ltext9                                                      text9        000000
__S0                                                          (abs)        0015EA
__S1                                                          (abs)        000690
__S4                                                          (abs)        000000
__S5                                                          (abs)        000000
___heap_hi                                                    (abs)        000000
___heap_lo                                                    (abs)        000000
___inthi_sp                                                   stack        000000
___inthi_stack_hi                                             stack        000000
___inthi_stack_lo                                             stack        000000
___intlo_sp                                                   stack        000000
___intlo_stack_hi                                             stack        000000
___intlo_stack_lo                                             stack        000000
___param_bank                                                 (abs)        000000
___rparam_used                                                (abs)        000001
___sp                                                         stack        000000
___stack_hi                                                   stack        000000
___stack_lo                                                   stack        000000
__accesstop                                                   (abs)        000560
__activetblptr                                                (abs)        000002
__end_of_CLOCK_Initialize                                     text25       00156E
__end_of_DMA_Initialize                                       text27       0013DE
__end_of_DMX_Initialize                                       text26       001308
__end_of_INT0_SetInterruptHandler                             text24       0015DE
__end_of_INT1_SetInterruptHandler                             text23       0015D4
__end_of_INT2_SetInterruptHandler                             text22       0015CA
__end_of_INTERRUPT_Initialize                                 text21       001482
__end_of_INTERRUPT_InterruptManager                           text28       001010
__end_of_PIN_MANAGER_Initialize                               text20       0010B2
__end_of_PWM1_16BIT_Initialize                                text16       00125A
__end_of_PWM1_16BIT_Period_SetInterruptHandler                text19       0015C0
__end_of_PWM1_16BIT_Slice1Output1_SetInterruptHandler         text18       0015B6
__end_of_PWM1_16BIT_Slice1Output2_SetInterruptHandler         text17       0015AC
__end_of_PWM2_16BIT_Initialize                                text12       0011FA
__end_of_PWM2_16BIT_Period_SetInterruptHandler                text15       0015A2
__end_of_PWM2_16BIT_Slice1Output1_SetInterruptHandler         text14       001598
__end_of_PWM2_16BIT_Slice1Output2_SetInterruptHandler         text13       00158E
__end_of_SYSTEM_Initialize                                    text4        001500
__end_of_TMR0_DefaultOverflowCallback                         text34       0015EA
__end_of_TMR0_Initialize                                      text10       0014B2
__end_of_TMR0_OverflowCallbackRegister                        text11       001584
__end_of_TMR0_OverflowISR                                     text33       001418
__end_of_Timer0                                               smallconst   000E3D
__end_of_UART1                                                smallconst   000E31
__end_of_UART1_DefaultFramingErrorCallback                    text32       0015E8
__end_of_UART1_DefaultOverrunErrorCallback                    text31       0015E6
__end_of_UART1_FramingErrorCallbackRegister                   text9        001554
__end_of_UART1_Initialize                                     text6        001138
__end_of_UART1_OverrunErrorCallbackRegister                   text8        001538
__end_of_UART1_ParityErrorCallbackRegister                    text7        00151C
__end_of_UART1_ReceiveISR                                     text30       000F66
__end_of_UART1_TransmitISR                                    text29       00144E
__end_of_VDDIO2_Initialize                                    text5        0015E4
__end_of__initialization                                      cinit        0012AC
__end_of_main                                                 text0        00139C
__end_of_reactive                                             text2        001354
__end_of_setAllLeds                                           text1        0014DE
__end_of_setLed                                               text3        00119A
__initialization                                              cinit        00125A
__mediumconst                                                 mediumconst  000000
__pbssBANK5                                                   bssBANK5     000560
__pbssBANK6                                                   bssBANK6     000600
__pbssCOMRAM                                                  bssCOMRAM    000501
__pcinit                                                      cinit        00125A
__pcstackBANK5                                                cstackBANK5  000578
__pcstackCOMRAM                                               cstackCOMRAM 00054E
__pdataCOMRAM                                                 dataCOMRAM   000542
__pidataCOMRAM                                                idataCOMRAM  00156E
__pivt0x8                                                     ivt0x8       000008
__psmallconst                                                 smallconst   000E00
__ptext0                                                      text0        001354
__ptext1                                                      text1        0014B2
__ptext10                                                     text10       001482
__ptext11                                                     text11       00157A
__ptext12                                                     text12       00119A
__ptext13                                                     text13       001584
__ptext14                                                     text14       00158E
__ptext15                                                     text15       001598
__ptext16                                                     text16       0011FA
__ptext17                                                     text17       0015A2
__ptext18                                                     text18       0015AC
__ptext19                                                     text19       0015B6
__ptext2                                                      text2        001308
__ptext20                                                     text20       001010
__ptext21                                                     text21       00144E
__ptext22                                                     text22       0015C0
__ptext23                                                     text23       0015CA
__ptext24                                                     text24       0015D4
__ptext25                                                     text25       001554
__ptext26                                                     text26       0012B6
__ptext27                                                     text27       00139C
__ptext28                                                     text28       000F66
__ptext29                                                     text29       001418
__ptext3                                                      text3        001138
__ptext30                                                     text30       000E3E
__ptext31                                                     text31       0015E4
__ptext32                                                     text32       0015E6
__ptext33                                                     text33       0013DE
__ptext34                                                     text34       0015E8
__ptext4                                                      text4        0014DE
__ptext5                                                      text5        0015DE
__ptext6                                                      text6        0010B2
__ptext7                                                      text7        001500
__ptext8                                                      text8        00151C
__ptext9                                                      text9        001538
__ramtop                                                      ramtop       000E00
__smallconst                                                  smallconst   000E00
_green                                                        dataCOMRAM   000546
_ledData                                                      bssBANK6     000600
_main                                                         text0        001354
_off                                                          bssCOMRAM    00050D
_reactive                                                     text2        001308
_red                                                          dataCOMRAM   00054A
_rxData                                                       bssCOMRAM    00053D
_setAllLeds                                                   text1        0014B2
_setLed                                                       text3        001138
_timerTMR0ReloadVal16bit                                      bssCOMRAM    00051F
_uart1RxBuffer                                                bssBANK5     000570
_uart1RxCount                                                 bssCOMRAM    000537
_uart1RxHead                                                  bssCOMRAM    000539
_uart1RxLastError                                             bssCOMRAM    00051B
_uart1RxStatusBuffer                                          bssBANK5     000560
_uart1RxTail                                                  bssCOMRAM    000538
_uart1TxBuffer                                                bssCOMRAM    000501
_uart1TxBufferRemaining                                       bssCOMRAM    00053A
_uart1TxHead                                                  bssCOMRAM    00053C
_uart1TxTail                                                  bssCOMRAM    00053B
_yellow                                                       dataCOMRAM   000542
end_of_initialization                                         cinit        0012AC
intlevel0                                                     text         000000
intlevel1                                                     text         000000
intlevel2                                                     text         000000
intlevel3                                                     text         000000
isa$std                                                       (abs)        000001
isa$xinst                                                     (abs)        000000
ivt0x8_base                                                   ivt0x8       000008
reactive@F15959                                               bssCOMRAM    000509
reactive@color                                                cstackBANK5  000579
reactive@i                                                    cstackBANK5  000578
setAllLeds@color                                              cstackBANK5  000578
setAllLeds@i                                                  cstackCOMRAM 000559
setLed@color                                                  cstackCOMRAM 000552
setLed@pos                                                    cstackCOMRAM 000558
stackhi                                                       (abs)        000000
stacklo                                                       (abs)        000000
start                                                         init         00001A
start_initialization                                          cinit        00125A


MODULE INFORMATION

Module		Function		Class		Link	Load	Size
dma.c
		_DMA_Initialize		CODE           	139C	0000	66

dma.c estimated size: 66

mcc_generated_files/system/src/mvio/vddio2.c
		_VDDIO2_Initialize		CODE           	15DE	0000	6

mcc_generated_files/system/src/mvio/vddio2.c estimated size: 6

mcc_generated_files/system/src/interrupt.c
		_INT0_SetInterruptHandler		CODE           	15D4	0000	10
		_INT1_SetInterruptHandler		CODE           	15CA	0000	10
		_INT2_SetInterruptHandler		CODE           	15C0	0000	10
		_INTERRUPT_Initialize		CODE           	144E	0000	52
		_INTERRUPT_InterruptManager		CODE           	0F66	0000	170

mcc_generated_files/system/src/interrupt.c estimated size: 252

mcc_generated_files/pwm/src/pwm1_16bit.c
		_PWM1_16BIT_Period_SetInterruptHandler		CODE           	15B6	0000	10
		_PWM1_16BIT_Slice1Output1_SetInterruptHandler		CODE           	15AC	0000	10
		_PWM1_16BIT_Slice1Output2_SetInterruptHandler		CODE           	15A2	0000	10
		_PWM1_16BIT_Initialize		CODE           	11FA	0000	96

mcc_generated_files/pwm/src/pwm1_16bit.c estimated size: 126

mcc_generated_files/uart/src/uart1.c
		_UART1_DefaultOverrunErrorCallback		CODE           	15E4	0000	2
		_UART1_FramingErrorCallbackRegister		CODE           	1538	0000	28
		_UART1_OverrunErrorCallbackRegister		CODE           	151C	0000	28
		_UART1_ReceiveISR		CODE           	0E3E	0000	296
		_UART1_Initialize		CODE           	10B2	0000	134
		_UART1_DefaultFramingErrorCallback		CODE           	15E6	0000	2
		_UART1_TransmitISR		CODE           	1418	0000	54
		_UART1_ParityErrorCallbackRegister		CODE           	1500	0000	28

mcc_generated_files/uart/src/uart1.c estimated size: 572

mcc_generated_files/system/src/pins.c
		_PIN_MANAGER_Initialize		CODE           	1010	0000	162

mcc_generated_files/system/src/pins.c estimated size: 162

shared
		__initialization		CODE           	125A	0000	82
		_UART1         		SMALLCONST     	0E01	0000	48
		_Timer0        		SMALLCONST     	0E31	0000	12

shared estimated size: 142

mcc_generated_files/system/src/clock.c
		_CLOCK_Initialize		CODE           	1554	0000	26

mcc_generated_files/system/src/clock.c estimated size: 26

mcc_generated_files/timer/src/tmr0.c
		_TMR0_OverflowCallbackRegister		CODE           	157A	0000	10
		_TMR0_DefaultOverflowCallback		CODE           	15E8	0000	2
		_TMR0_OverflowISR		CODE           	13DE	0000	58
		_TMR0_Initialize		CODE           	1482	0000	48

mcc_generated_files/timer/src/tmr0.c estimated size: 118

dmx.c
		_DMX_Initialize		CODE           	12B6	0000	82

dmx.c estimated size: 82

main.c
		_setAllLeds    		CODE           	14B2	0000	44
		_main          		CODE           	1354	0000	72
		_reactive      		CODE           	1308	0000	76
		_setLed        		CODE           	1138	0000	98

main.c estimated size: 290

mcc_generated_files/pwm/src/pwm2_16bit.c
		_PWM2_16BIT_Period_SetInterruptHandler		CODE           	1598	0000	10
		_PWM2_16BIT_Slice1Output1_SetInterruptHandler		CODE           	158E	0000	10
		_PWM2_16BIT_Slice1Output2_SetInterruptHandler		CODE           	1584	0000	10
		_PWM2_16BIT_Initialize		CODE           	119A	0000	96

mcc_generated_files/pwm/src/pwm2_16bit.c estimated size: 126

mcc_generated_files/system/src/system.c
		_SYSTEM_Initialize		CODE           	14DE	0000	34

mcc_generated_files/system/src/system.c estimated size: 34

